Script started on 2024-04-08 19:52:38-04:00
bash-4.4$ nan[K[K[Kvu[Ki [K[K[K
bash-4.4$ vi nano[K[K[K[K~/bash[K[K[K[K.bash_prog[Kfile
[?2004h[?1049h[22;0;0t[?1h=[?2004h[1;24r[?12h[?12l[27m[23m[29m[m[H[2J[?25l[24;1H"~/.bash_profile" [New File][2;1H[94m~                                                                               [3;1H~                                                                               [4;1H~                                                                               [5;1H~                                                                               [6;1H~                                                                               [7;1H~                                                                               [8;1H~                                                                               [9;1H~                                                                               [10;1H~                                                                               [11;1H~                                                                               [12;1H~                                                                               [13;1H~                                                                               [14;1H~                                                                               [15;1H~                                                                               [16;1H~                                                                               [17;1H~                                                                               [18;1H~                                                                               [19;1H~                                                                               [20;1H~                                                                               [21;1H~                                                                               [22;1H~                                                                               [23;1H~                                                                               [1;1H[?25h[?25l[m[24;1H[1m-- INSERT --[m[24;13H[K[1;1H[?25h[?25la[?25h[?25ll[?25h[?25li[?25h[?25la[?25h[?25ls[?25h[?25l [?25h[?25ll[?25h[?25l=[?25h[?25l'[?25h[?25ll[?25h[?25ls[?25h[?25l [?25h[?25l-[?25h[?25ll[?25h[?25lt[?25h[?25lr[?25h[?25l'[?25h[?25l[2;1H[K[2;1H[?25h[?25la[?25h[?25ll[?25h[?25li[?25h[?25la[?25h[?25ls[?25h[?25lw[?25h[?25l[2;6H[K[2;6H[?25h[?25l [?25h[?25lw[?25h[?25l=[?25h[?25l'[?25h[?25ll[?25h[?25ls[?25h[?25l [?25h[?25l-[?25h[?25ll[?25h[?25l [?25h[?25l|[?25h[?25l [?25h[?25lw[?25h[?25lc[?25h[?25l [?25h[?25l-[?25h[?25ll[?25h[?25l'[?25h[24;1H[K[2;23H[?25l[?25h[?25l[24;1H:[?2004h[?25hwq[?25l[?2004l".bash_profile" [New] 2L, 42C written
[?2004l[?1l>[?25h[?1049l[23;0;0tbash-4.4$ source ~/.bash_profile
bash-4.4$ l
total 112
-rw-rw-r-- 1 jaydevsp24 jaydevsp24    530 Feb 13 22:34 pwd
-rw-rw-r-- 1 jaydevsp24 jaydevsp24 106270 Mar 18 12:42 spotify-2023.csv
drwxrwxr-x 8 jaydevsp24 jaydevsp24   4096 Mar 26 00:12 cs131
-rw-rw-r-- 1 jaydevsp24 jaydevsp24      0 Apr  8 12:41 scriptfilename.sh
-rw-rw-r-- 1 jaydevsp24 jaydevsp24      0 Apr  8 19:52 ws4.txt
bash-4.4$ w
6
bash-4.4$ mkdir -p Subscribers
bash-4.4$ grep[K[K[K[Kls
cs131  pwd  scriptfilename.sh  spotify-2023.csv  Subscribers  ws4.txt
bash-4.4$ wget https://raw.githubusercontent.com/jyotikahp/DemoRepoForCS131/main//Global%20YouTube%20Statistics.csv
--2024-04-08 19:58:04--  https://raw.githubusercontent.com/jyotikahp/DemoRepoForCS131/main/Global%20YouTube%20Statistics.csv
Resolving raw.githubusercontent.com (raw.githubusercontent.com)... 185.199.108.133, 185.199.110.133, 185.199.109.133, ...
Connecting to raw.githubusercontent.com (raw.githubusercontent.com)|185.199.108.133|:443... connected.
HTTP request sent, awaiting response... 200 OK
Length: 200279 (196K) [text/plain]
Saving to: â€˜Global YouTube Statistics.csvâ€™

          Global Yo   0%[                    ]       0  --.-KB/s               Global YouTube Stat 100%[===================>] 195.58K  --.-KB/s    in 0.009s  

2024-04-08 19:58:04 (22.4 MB/s) - â€˜Global YouTube Statistics.csvâ€™ saved [200279/200279]

bash-4.4$ grep '[K"United States" 'Global Yout[KTube Statistics.csv' | cut -d',' -f6 > Subscribers/United_States.txt
bash-4.4$ grep "United States" 'Global YouTube Statistics.csv' | cut -d',' -f6 >SSubscribers/United_States.txt[Awget https://raw.githubusercontent.com/jyotikahp/DemoRepoForCS131/main/Global%20YouTube%20Statistics.csv[A[C[C[C[C[C[C[C[C[C[Cgrep "United States" 'Global YouTube Statistics.csv' | cut -d',' -f6 >S[5Pubscribers/United_States.txt[A[C[C[C[C[C[C[C[C[C[C[K
[K[A[C[C[C[C[C[C[C[C[C[Cgrep "United States" 'Global YouTube Statistics.csv' | cut -d',' -f6 >SSubscribers/United_States.txt[A[C[C[C[C[C[C[C[C[C[Cwget https://raw.githubusercontent.com/jyotikahp/DemoRepoForCS131/main/Global%20YouTube%20Statistics.csv[A[C[C[C[C[C[C[C[C[C[Cgrep "United States" 'Global YouTube Statistics.csv' | cut -d',' -f6 >S[5Pubscribers/United_States.txt[A[C[C[C[C[C[C[C[C[C[C[C[C[C[C[C[C[C[C[C[C[C[C[C[C[C[C[C[C[C[C[C[C[C[C[C[C[C[C[C[C[C[C[C[C[C[C[C[C[C[C[C[C[C[C[C[C[C[C[C[C[C[C[C[C[C[C[C[C[C[C[C[C[C[C[C[C[C[C[C" 'Global YouTube Statistics.csv' | cut -d',' -f6 >Su[1Pbscribers/United_States.txt[A" 'Global YouTube Statistics.csv' | cut -d',' -f6 >Sub[1Pscribers/United_States.txt[A" 'Global YouTube Statistics.csv' | cut -d',' -f6 >Subs[1Pcribers/United_States.txt[A" 'Global YouTube Statistics.csv' | cut -d',' -f6 >Subsc[1Pribers/United_States.txt[A" 'Global YouTube Statistics.csv' | cut -d',' -f6 >Subscr[1Pibers/United_States.txt[A" 'Global YouTube Statistics.csv' | cut -d',' -f6 >Subscri[1Pbers/United_States.txt[A" 'Global YouTube Statistics.csv' | cut -d',' -f6 >Subscrib[1Pers/United_States.txt[A" 'Global YouTube Statistics.csv' | cut -d',' -f6 >Subscribe[1Prs/United_States.txt[A" 'Global YouTube Statistics.csv' | cut -d',' -f6 >Subscriber[1Ps/United_States.txt[A" 'Global YouTube Statistics.csv' | cut -d',' -f6 >Subscribers[1P/United_States.txt[A" 'Global YouTube Statistics.csv' | cut -d',' -f6 >Subscribers/[1PUnited_States.txt[A" 'Global YouTube Statistics.csv' | cut -d',' -f6 >Subscribers/U[1Pnited_States.txt[A" 'Global YouTube Statistics.csv' | cut -d',' -f6 >Subscribers/Un[1Pited_States.txt[AI" 'Global YouTube Statistics.csv' | cut -d',' -f6 >Subscribers/United_States.txt[An" 'Global YouTube Statistics.csv' | cut -d',' -f6 >Subscribers/United_States.txt[Ad" 'Global YouTube Statistics.csv' | cut -d',' -f6 >Subscribers/United_States.txt[Ai" 'Global YouTube Statistics.csv' | cut -d',' -f6 >Subscribers/United_States.txt[Aa" 'Global YouTube Statistics.csv' | cut -d',' -f6 >Subscribers/United_States.txt[A[K
[K[A[C[C[C[C[C[C[C[C[C[Cgrep "India" 'Global YouTube Statistics.csv' | cut -d',' -f6 >Subscribeers/United_States.txt[C[1Ps.txt[1Ps.txt[1Ps.txt[1Ps.txt[1Ps.txt[1Ps.txt[1Ps.txt[1Ps.txt[1Ps.txt[1Ps.txt[1Ps.txt[1Ps.txt[C[1P.txtI.txtn.txtd.txti.txta.txt
bash-4.4$ echo "United States: $(paste -sd+ Subcribers/United_States.txt | bc)/$ (wx[Kc -l < Subscribers[K[K[K[K[K[K[K[K[K[K[K[K[K< Subscribers/UnitedS[K_States.txt)" > ws4_means.txt[C> ws4_means.txt[C[C[C[C[C[C[C[C[C[C[C[C[C[C[C
paste: Subcribers/United_States.txt: No such file or directory
bash-4.4$ echo "United States: $(paste -sd+ Subcribers/United_States.txt | bc)/$((wc -l < Subscribers/United_States.txt)" >> ws4_means.txt[A[C[C[C[C[C[C[C[C[C[Cgrep "India" 'Global YouTube Statistics.csv' | cut -d',' -f6 >Subscribers/India.txt[K[Aecho "United States: $(paste -sd+ Subcribers/United_States.txt | bc)/$(wc -l < Subscribers/United_States.txt)" >> ws4_means.txt[C[C[C[C[C[C[C[C[1P[1P[1P[1P[1P[1P[1P[1P[1P[1P[1P[1P[C[1P[1@I[1@n[1@d[1@i[1@a[A[C[C[C[C[C[C[C[C[C[C[C[C[C[C[C[C[C[C[C[C[C[C[C[C[C[C[C[C[C[C[C[C[C[C[C[C[C[C[C[C[C[C[C[C[C[C[C[C[C[C[C[C[C[C[C[C[C[C[C[C[C[C[C[C[C[C[C[C[C[C[C[C[C[C[C[C[C[C[C[C[C[C.txt | bc)/$(w[1P[A[C[C[C[C[C[C[C[C[C[C[C[C[C[C[C[C[C[C[C[C[C[C[C[C[C[C[C[C[C[C[C[C[C[C[C[C[C[C[C[C[C[C[C[C[C[C[C[C[C[C[C[C[C[C[C[C[C[C[C[C[C[C[C[C[C[C.txt | bc)/$(wc[1P[A[C[C[C[C[C[C[C[C[C[C[C[C[C[C[C[C[C[C[C[C[C[C[C[C[C[C[C[C[C[C[C[C[C[C[C[C[C[C[C[C[C[C[C[C[C[C[C[C[C[C[C[C[C[C[C[C[C[C[C[C[C[C[C[C[C.txt | bc)/$(wc [1P[A[C[C[C[C[C[C[C[C[C[C[C[C[C[C[C[C[C[C[C[C[C[C[C[C[C[C[C[C[C[C[C[C[C[C[C[C[C[C[C[C[C[C[C[C[C[C[C[C[C[C[C[C[C[C[C[C[C[C[C[C[C[C[C[C.txt | bc)/$(wc -[1P[A[C[C[C[C[C[C[C[C[C[C[C[C[C[C[C[C[C[C[C[C[C[C[C[C[C[C[C[C[C[C[C[C[C[C[C[C[C[C[C[C[C[C[C[C[C[C[C[C[C[C[C[C[C[C[C[C[C[C[C[C[C[C[C.txt | bc)/$(wc -l[1P[A[C[C[C[C[C[C[C[C[C[C[C[C[C[C[C[C[C[C[C[C[C[C[C[C[C[C[C[C[C[C[C[C[C[C[C[C[C[C[C[C[C[C[C[C[C[C[C[C[C[C[C[C[C[C[C[C[C[C[C[C[C[C.txt | bc)/$(wc -l [1P[A[C[C[C[C[C[C[C[C[C[C[C[C[C[C[C[C[C[C[C[C[C[C[C[C[C[C[C[C[C[C[C[C[C[C[C[C[C[C[C[C[C[C[C[C[C[C[C[C[C[C[C[C[C[C[C[C[C[C[C[C[C.txt | bc)/$(wc -l <[1P[A[C[C[C[C[C[C[C[C[C[C[C[C[C[C[C[C[C[C[C[C[C[C[C[C[C[C[C[C[C[C[C[C[C[C[C[C[C[C[C[C[C[C[C[C[C[C[C[C[C[C[C[C[C[C[C[C[C[C[C[C.txt | bc)/$(wc -l < [1P[A[C[C[C[C[C[C[C[C[C[C[C[C[C[C[C[C[C[C[C[C[C[C[C[C[C[C[C[C[C[C[C[C[C[C[C[C[C[C[C[C[C[C[C[C[C[C[C[C[C[C[C[C[C[C[C[C[C[C[C.txt | bc)/$(wc -l < S[1P[A[C[C[C[C[C[C[C[C[C[C[C[C[C[C[C[C[C[C[C[C[C[C[C[C[C[C[C[C[C[C[C[C[C[C[C[C[C[C[C[C[C[C[C[C[C[C[C[C[C[C[C[C[C[C[C[C[C[C.txt | bc)/$(wc -l < Su[1P[A[C[C[C[C[C[C[C[C[C[C[C[C[C[C[C[C[C[C[C[C[C[C[C[C[C[C[C[C[C[C[C[C[C[C[C[C[C[C[C[C[C[C[C[C[C[C[C[C[C[C[C[C[C[C[C[C[C.txt | bc)/$(wc -l < Sub[1P[A[C[C[C[C[C[C[C[C[C[C[C[C[C[C[C[C[C[C[C[C[C[C[C[C[C[C[C[C[C[C[C[C[C[C[C[C[C[C[C[C[C[C[C[C[C[C[C[C[C[C[C[C[C[C[C[C.txt | bc)/$(wc -l < Subs[1P[A[C[C[C[C[C[C[C[C[C[C[C[C[C[C[C[C[C[C[C[C[C[C[C[C[C[C[C[C[C[C[C[C[C[C[C[C[C[C[C[C[C[C[C[C[C[C[C[C[C[C[C[C[C[C[C.txt | bc)/$(wc -l < Subsc[1P[A[C[C[C[C[C[C[C[C[C[C[C[C[C[C[C[C[C[C[C[C[C[C[C[C[C[C[C[C[C[C[C[C[C[C[C[C[C[C[C[C[C[C[C[C[C[C[C[C[C[C[C[C[C[CI.txt | bc)/$(wc -l < Subs[1@c[A[C[C[C[C[C[C[C[C[C[C[C[C[C[C[C[C[C[C[C[C[C[C[C[C[C[C[C[C[C[C[C[C[C[C[C[C[C[C[C[C[C[C[C[C[C[C[C[C[C[C[C[C[C[Cn.txt | bc)/$(wc -l < Sub[1@s[A[C[C[C[C[C[C[C[C[C[C[C[C[C[C[C[C[C[C[C[C[C[C[C[C[C[C[C[C[C[C[C[C[C[C[C[C[C[C[C[C[C[C[C[C[C[C[C[C[C[C[C[C[C[C[Cd.txt | bc)/$(wc -l < Su[1@b[A[C[C[C[C[C[C[C[C[C[C[C[C[C[C[C[C[C[C[C[C[C[C[C[C[C[C[C[C[C[C[C[C[C[C[C[C[C[C[C[C[C[C[C[C[C[C[C[C[C[C[C[C[C[C[C[Ci.txt | bc)/$(wc -l < S[1@u[A[C[C[C[C[C[C[C[C[C[C[C[C[C[C[C[C[C[C[C[C[C[C[C[C[C[C[C[C[C[C[C[C[C[C[C[C[C[C[C[C[C[C[C[C[C[C[C[C[C[C[C[C[C[C[C[C[Ca.txt | bc)/$(wc -l < [1@S[A[C[C[C[C[C[C[C[C[C[C[C[C[C[C[C[C[C[C[C[C[C[C[C[C[C[C[C[C[C[C[C[C[C[C[C[C[C[C[C[C[C[C[C[C[C[C[C[C[C[C[C[C[C[C[C[C[C[Cs: $(paste -sd+ Subcribers/India.txt | bc)/$(wc -l < S[1P[A[C[C[C[C[C[C[C[C[C[C[C[C[C[C[C[C[C[C[C[C[C[C[C[C[C[Cs: $(paste -sd+ Subcribers/India.txt | bc)/$(wc -l < Su[1P[A[C[C[C[C[C[C[C[C[C[C[C[C[C[C[C[C[C[C[C[C[C[C[C[C[Cs: $(paste -sd+ Subcribers/India.txt | bc)/$(wc -l < Sub[1P[A[C[C[C[C[C[C[C[C[C[C[C[C[C[C[C[C[C[C[C[C[C[C[C[Cs: $(paste -sd+ Subcribers/India.txt | bc)/$(wc -l < Subs[1P[A[C[C[C[C[C[C[C[C[C[C[C[C[C[C[C[C[C[C[C[C[C[C[Cs: $(paste -sd+ Subcribers/India.txt | bc)/$(wc -l < Subsc[1P[A[C[C[C[C[C[C[C[C[C[C[C[C[C[C[C[C[C[C[C[C[C[Cs: $(paste -sd+ Subcribers/India.txt | bc)/$(wc -l < Subscr[1P[A[C[C[C[C[C[C[C[C[C[C[C[C[C[C[C[C[C[C[C[C[Cs: $(paste -sd+ Subcribers/India.txt | bc)/$(wc -l < Subscri[1P[A[C[C[C[C[C[C[C[C[C[C[C[C[C[C[C[C[C[C[C[Cs: $(paste -sd+ Subcribers/India.txt | bc)/$(wc -l < Subscrib[1P[A[C[C[C[C[C[C[C[C[C[C[C[C[C[C[C[C[C[C[Cs: $(paste -sd+ Subcribers/India.txt | bc)/$(wc -l < Subscribe[1P[A[C[C[C[C[C[C[C[C[C[C[C[C[C[C[C[C[C[Cs: $(paste -sd+ Subcribers/India.txt | bc)/$(wc -l < Subscriber[1P[A[C[C[C[C[C[C[C[C[C[C[C[C[C[C[C[C[Cs: $(paste -sd+ Subcribers/India.txt | bc)/$(wc -l < Subscribers[1P[A[C[C[C[C[C[C[C[C[C[C[C[C[C[C[C[Cs: $(paste -sd+ Subcribers/India.txt | bc)/$(wc -l < Subscribers/[1P[A[C[C[C[C[C[C[C[C[C[C[C[C[C[C[C[C: $(paste -sd+ Subcribers/India.txt | bc)/$(wc -l < Subscribers/I[1P[A[C[C[C[C[C[C[C[C[C[C[C[C[C[C[CI: $(paste -sd+ Subcribers/India.txt | bc)/$(wc -l < Subscribers/[1@I[A[C[C[C[C[C[C[C[C[C[C[C[C[C[C[Cn: $(paste -sd+ Subcribers/India.txt | bc)/$(wc -l < Subscribers[1@/[A[C[C[C[C[C[C[C[C[C[C[C[C[C[C[C[Cd: $(paste -sd+ Subcribers/India.txt | bc)/$(wc -l < Subscriber[1@s[A[C[C[C[C[C[C[C[C[C[C[C[C[C[C[C[C[Ci: $(paste -sd+ Subcribers/India.txt | bc)/$(wc -l < Subscribe[1@r[A[C[C[C[C[C[C[C[C[C[C[C[C[C[C[C[C[C[Ca: $(paste -sd+ Subcribers/India.txt | bc)/$(wc -l < Subscrib[1@e[A[C[C[C[C[C[C[C[C[C[C[C[C[C[C[C[C[C[C[C

paste: Subcribers/India.txt: No such file or directory
bash-4.4$ echo "India: $(paste -sd+ Subcribers/India.txt | bc)/$(wc -l < Subscribbers/India.txt)" >> ws4_means.txt[AUnited States: $(paste -sd+ Subcribers/United_States.txt | bc)/$([24@wc -l < Subscribers/United_States[C[C[C[C[C[C[C[C[C[C[C[C[C[C[C[C[C[C[C[C[C[C[C[A[C[C[C[C[C[C[C[C[C[Cgrep "India" 'Global YouTube Statistics.csv' | cut -d',' -f6 >Subscribers/India.txt[K
bash-4.4$ grep "India" 'Global YouTube Statistics.csv' | cut -d',' -f6 >Subscribeers/India.txt[Aecho "India: $(paste -sd+ Subcribers/India.txt | bc)/$(wc -l < Subscribers/India.txt)" >> ws4_means.txt[A[C[C[C[C[C[C[C[C[C[Cgrep "India" 'Global YouTube Statistics.csv' | cut -d',' -f6 >Subscribe[20Prs/India.txt[A[K
[K[A[C[C[C[C[C[C[C[C[C[Cgrep "India" 'Global YouTube Statistics.csv' | cut -d',' -f6 >Subscribeers/India.txt[Aecho "India: $(paste -sd+ Subcribers/India.txt | bc)/$(wc -l < Subscribers/India.txt)" >> ws4_means.txt
paste: Subcribers/India.txt: No such file or directory
bash-4.4$ echo "India: $(paste -sd+ Subcribers/India.txt | bc)/$(wc -l < Subscribbers/India.txt)" >> ws4_means.txt[A[C[C[C[C[C[C[C[C[C[Cgrep "India" 'Global YouTube Statistics.csv' | cut -d',' -f6 >Subscribe[20Prs/India.txt[Aecho "India: $(paste -sd+ Subcribers/India.txt | bc)/$(wc -l < Subscribers/India.txt)" >> ws4_means.txt[A[C[C[C[C[C[C[C[C[C[Cgrep "India" 'Global YouTube Statistics.csv' | cut -d',' -f6 >Subscribe[20Prs/India.txt[A[C[C[C[C[C[C[C[C[C[C[C[C[C[C[C[C[C[C[C[C[C[C[C[C[C[C[C[C[C[C[C[C[C[C[C[C[C[C[C[C[C[C[C[C[C[C[C[C[C[C[C[C[C[C[C[C[C[C[C[C[C[C[C[C[C[C[C[C[C[C[C[C[C[C[C[C[C[C[C[C[C[C[C[C[C[C[C[C[Cecho "India: $(paste -sd+ Subcribers/India.txt | bc)/$(wc -l < Subscribers/India.txt)" >> ws4_means.txt[AUnited States: $(paste -sd+ Subcribers/United_States.txt | bc)/$([24@wc -l < Subscribers/United_States[C[C[C[C[C[C[C[C[C[C[C[C[C[C[C[C[C[C[C[C[C[C[C[A[C[C[C[C[C[C[C[C[C[Cgrep "India" 'Global YouTube Statistics.csv' | cut -d',' -f6 >Subscribers/India.txt[K[C
bash-4.4$ grep "India" 'Global YouTube Statistics.csv' | cut -d',' -f6 >Subscribeers/India.txt[Aecho "India: $(paste -sd+ Subcribers/India.txt | bc)/$(wc -l < Subscribers/India.txt)" >> ws4_means.txt
paste: Subcribers/India.txt: No such file or directory
bash-4.4$ ls
 cs131				  scriptfilename.sh   ws4_means.txt
'Global YouTube Statistics.csv'   spotify-2023.csv    ws4.txt
 pwd				  Subscribers
bash-4.4$ vi ws4_means.txt 
[?2004h[?1049h[22;0;0t[?1h=[?2004h[1;24r[?12h[?12l[27m[23m[29m[m[H[2J[?25l[24;1H"ws4_means.txt" 4L, 56C[1;1HUnited States: /302
India: /175
India: /175
India: /175
[94m~                                                                               [6;1H~                                                                               [7;1H~                                                                               [8;1H~                                                                               [9;1H~                                                                               [10;1H~                                                                               [11;1H~                                                                               [12;1H~                                                                               [13;1H~                                                                               [14;1H~                                                                               [15;1H~                                                                               [16;1H~                                                                               [17;1H~                                                                               [18;1H~                                                                               [19;1H~                                                                               [20;1H~                                                                               [21;1H~                                                                               [22;1H~                                                                               [23;1H~                                                                               [1;1H[?25h[?25l[m[24;1H[K[24;1H:[?2004h[?25hwq[?25l[?2004l"ws4_means.txt" 4L, 56C written
[?2004l[?1l>[?25h[?1049l[23;0;0tbash-4.4$ cd Subscribers/
bash-4.4$ ls
India.txt  United_States.txt
bash-4.4$ lscd Subscribers/[C[C[C[C[C[C[C[C[C[Cls[K[Kci In[K[K[K[K[Kvi India.txt 
[?2004h[?1049h[22;0;0t[?1h=[?2004h[1;24r[?12h[?12l[27m[23m[29m[m[H[2J[?25l[24;1H"India.txt" 175L, 2820C[1;1HT-Series
SET India
Zee Music Company
Sony SAB
Zee TV
ChuChu TV Nursery Rhymes & Kids Songs
Shemaroo Filmi Gaane
Colors TV
T- SERIES BHAKTI SAGAR
Tips Official
Wave Music
Aaj Tak
Sony Music India
YRF
Infobells - Hindi
Shemaroo
SonyMusicIndiaVEVO
Voot Kids
Speed Records
Ishtar Music
CarryMinati
Goldmines Gaane Sune Ansune
Sony PAL[1;1H[?25h[?25l[24;1H[K[24;1H:[?2004h[?25hwq[?25l[?2004l"India.txt" 175L, 2820C written
[?2004l[?1l>[?25h[?1049l[23;0;0tbash-4.4$ vi United_States.txt 
[?2004h[?1049h[22;0;0t[?1h=[?2004h[1;24r[?12h[?12l[27m[23m[29m[m[H[2J[?25l[24;1H"United_States.txt" 302L, 4441C[1;1Hyoutubemovies
MrBeast
Cocomelon - Nursery Rhymes
Vlad and Niki
WWE
sports
Pinkfong Baby Shark - Kids' Songs & Stories
Dude Perfect
Movieclips
EminemMusic
Marshmello
Taylor Swift
Ariana Grande
BillionSurpriseToys  - Nursery Rhymes & Cartï¿½[15;1HBillie Eilish
SonyMusicIndiaVEVO
Katy Perry
Masha and The Bear
Like Nastya Show
Little Baby Bum - Nursery Rhymes & Kids Songs
XXXTENTACION
TEDx Talks
21 Savage[1;1H[?25h[?25l[24;1H[K[24;1H:[?2004h[?25hwq[?25l[?2004l"United_States.txt" 302L, 4441C written
[?2004l[?1l>[?25h[?1049l[23;0;0tbash-4.4$ cd ..
bash-4.4$ ls
 cs131				  scriptfilename.sh   ws4_means.txt
'Global YouTube Statistics.csv'   spotify-2023.csv    ws4.txt
 pwd				  Subscribers
bash-4.4$ vi g[Kfr[K[K[K greetings.txt
[?2004h[?1049h[22;0;0t[?1h=[?2004h[1;24r[?12h[?12l[27m[23m[29m[m[H[2J[?25l[24;1H"greetings.txt" [New File][2;1H[94m~                                                                               [3;1H~                                                                               [4;1H~                                                                               [5;1H~                                                                               [6;1H~                                                                               [7;1H~                                                                               [8;1H~                                                                               [9;1H~                                                                               [10;1H~                                                                               [11;1H~                                                                               [12;1H~                                                                               [13;1H~                                                                               [14;1H~                                                                               [15;1H~                                                                               [16;1H~                                                                               [17;1H~                                                                               [18;1H~                                                                               [19;1H~                                                                               [20;1H~                                                                               [21;1H~                                                                               [22;1H~                                                                               [23;1H~                                                                               [1;1H[?25h[?25l[m[24;1H[1m-- INSERT --[m[24;13H[K[1;1H[?25h[?25l
Hello, John Doe![2;17H[K[3;1HHi, Jane Doe![3;14H[K[4;1HGreetings, John Smith![4;23H[K[5;1HHello, M[5;9H[K[5;9H[?25h[?25lichael Johnson!
Hi, Emily Davis![6;17H[K[6;17H[?25h[5;17H[4;17H[3;14H[2;17H[1;1H[2;17H[?25l[1;23r[23;1H
[1;24r[23;1H[94m~                                                                               [1;1H[?25h
[m[24;1H[K[2;1H[?25l[?25h[?25l[24;1H:[?2004h[?25hwq[?25l[?2004l"greetings.txt" [New] 5L, 95C written
[?2004l[?1l>[?25h[?1049l[23;0;0tbash-4.4$ sed -i 's/Hello/Hi/g' greetings.txt
bash-4.4$ sed -i '/Doe/d' f[Kgreetings.txt
bash-4.4$ sed -i 's/$/ (edu[Kited)/' f[Kgreetings.txt
bash-4.4$ sed -i '/^Hi,/! s/Michael Johnson/Mike Johsn[K[Knson/g' greetings.txxx[K[Kt
bash-4.4$ vi greq[Ketings.txt 
[?2004h[?1049h[22;0;0t[?1h=[?2004h[1;24r[?12h[?12l[27m[23m[29m[m[H[2J[?25l[24;1H"greetings.txt" 3L, 88C[1;1HGreetings, John Smith! (edited)
Hi, Michael Johnson! (edited)
Hi, Emily Davis! (edited)
[94m~                                                                               [5;1H~                                                                               [6;1H~                                                                               [7;1H~                                                                               [8;1H~                                                                               [9;1H~                                                                               [10;1H~                                                                               [11;1H~                                                                               [12;1H~                                                                               [13;1H~                                                                               [14;1H~                                                                               [15;1H~                                                                               [16;1H~                                                                               [17;1H~                                                                               [18;1H~                                                                               [19;1H~                                                                               [20;1H~                                                                               [21;1H~                                                                               [22;1H~                                                                               [23;1H~                                                                               [1;1H[?25h[?25l[m[24;1H[K[24;1H:[?2004h[?25hwq[?25l[?2004l"greetings.txt" 3L, 88C written
[?2004l[?1l>[?25h[?1049l[23;0;0tbash-4.4$ exit

Script done on 2024-04-08 20:11:28-04:00
